// Jest Snapshot v1, https://goo.gl/fbAQLP

exports[`работа кнопки Add 1`] = `
<div>
  <table
    className="ProductsAll"
  >
    <tbody>
      <tr>
        <th
          className="Main"
        >
          Наименование
        </th>
        <th
          className="Main"
        >
          Цена
        </th>
        <th
          className="Main"
        >
          URL
        </th>
        <th
          className="Main"
        >
          Количество
        </th>
        <th
          className="Main"
        >
          Исправить
        </th>
        <th
          className="Main"
        >
          Удалить
        </th>
      </tr>
      <tr
        className="ProductRow"
        onClick={[Function]}
      >
        <td
          className="Main"
        >
          Xiaomi Redmi 9C
        </td>
        <td
          className="Main"
        >
          1450
        </td>
        <td
          className="Main"
        >
          https://xistore.by/upload/resize/element/40056/082/8c4bed7595c8d031c1fa3140f267e255_482_482_50@x2.webp
        </td>
        <td
          className="Main1"
        >
          25
        </td>
        <td
          className="Main"
        >
          <input
            className="EditButton"
            disabled={false}
            onClick={[Function]}
            type="button"
            value="Исправить"
          />
        </td>
        <td
          className="Main"
        >
          <input
            className="DelButton"
            disabled={false}
            onClick={[Function]}
            type="button"
            value="Удалить"
          />
        </td>
      </tr>
      <tr
        className="ProductRow"
        onClick={[Function]}
      >
        <td
          className="Main"
        >
          Xiaomi Redmi 9T
        </td>
        <td
          className="Main"
        >
          1300
        </td>
        <td
          className="Main"
        >
          https://xistore.by/upload/resize/element/54071/35d/233362a5bb439d7f0563d6cdf494eb2a_482_482_50@x2.webp
        </td>
        <td
          className="Main1"
        >
          44
        </td>
        <td
          className="Main"
        >
          <input
            className="EditButton"
            disabled={false}
            onClick={[Function]}
            type="button"
            value="Исправить"
          />
        </td>
        <td
          className="Main"
        >
          <input
            className="DelButton"
            disabled={false}
            onClick={[Function]}
            type="button"
            value="Удалить"
          />
        </td>
      </tr>
      <tr
        className="ProductRow"
        onClick={[Function]}
      >
        <td
          className="Main"
        >
          Xiaomi Redmi Note 10S
        </td>
        <td
          className="Main"
        >
          1500
        </td>
        <td
          className="Main"
        >
          https://xistore.by/upload/resize/element/65048/aef/c525eee0d25db5d15c35bfadaabb8874_482_482_50@x2.webp
        </td>
        <td
          className="Main1"
        >
          10
        </td>
        <td
          className="Main"
        >
          <input
            className="EditButton"
            disabled={false}
            onClick={[Function]}
            type="button"
            value="Исправить"
          />
        </td>
        <td
          className="Main"
        >
          <input
            className="DelButton"
            disabled={false}
            onClick={[Function]}
            type="button"
            value="Удалить"
          />
        </td>
      </tr>
      <tr
        className="ProductRow"
        onClick={[Function]}
      >
        <td
          className="Main"
        >
          Xiaomi Redmi 9A
        </td>
        <td
          className="Main"
        >
          1550
        </td>
        <td
          className="Main"
        >
          https://xistore.by/upload/resize/element/25900/a59/1fa5c9ab7c694e4676d8fff64e7bcfc5_482_482_50@x2.webp
        </td>
        <td
          className="Main1"
        >
          10
        </td>
        <td
          className="Main"
        >
          <input
            className="EditButton"
            disabled={false}
            onClick={[Function]}
            type="button"
            value="Исправить"
          />
        </td>
        <td
          className="Main"
        >
          <input
            className="DelButton"
            disabled={false}
            onClick={[Function]}
            type="button"
            value="Удалить"
          />
        </td>
      </tr>
    </tbody>
  </table>
  <input
    disabled={false}
    onClick={[Function]}
    type="button"
    value="Новый товар"
  />
</div>
`;

exports[`работа кнопки Add 2`] = `
<div>
  <table
    className="ProductsAll"
  >
    <tbody>
      <tr>
        <th
          className="Main"
        >
          Наименование
        </th>
        <th
          className="Main"
        >
          Цена
        </th>
        <th
          className="Main"
        >
          URL
        </th>
        <th
          className="Main"
        >
          Количество
        </th>
        <th
          className="Main"
        >
          Исправить
        </th>
        <th
          className="Main"
        >
          Удалить
        </th>
      </tr>
      <tr
        className="ProductRow"
        onClick={[Function]}
      >
        <td
          className="Main"
        >
          Xiaomi Redmi 9C
        </td>
        <td
          className="Main"
        >
          1450
        </td>
        <td
          className="Main"
        >
          https://xistore.by/upload/resize/element/40056/082/8c4bed7595c8d031c1fa3140f267e255_482_482_50@x2.webp
        </td>
        <td
          className="Main1"
        >
          25
        </td>
        <td
          className="Main"
        >
          <input
            className="EditButton"
            disabled={false}
            onClick={[Function]}
            type="button"
            value="Исправить"
          />
        </td>
        <td
          className="Main"
        >
          <input
            className="DelButton"
            disabled={false}
            onClick={[Function]}
            type="button"
            value="Удалить"
          />
        </td>
      </tr>
      <tr
        className="ProductRow"
        onClick={[Function]}
      >
        <td
          className="Main"
        >
          Xiaomi Redmi 9T
        </td>
        <td
          className="Main"
        >
          1300
        </td>
        <td
          className="Main"
        >
          https://xistore.by/upload/resize/element/54071/35d/233362a5bb439d7f0563d6cdf494eb2a_482_482_50@x2.webp
        </td>
        <td
          className="Main1"
        >
          44
        </td>
        <td
          className="Main"
        >
          <input
            className="EditButton"
            disabled={false}
            onClick={[Function]}
            type="button"
            value="Исправить"
          />
        </td>
        <td
          className="Main"
        >
          <input
            className="DelButton"
            disabled={false}
            onClick={[Function]}
            type="button"
            value="Удалить"
          />
        </td>
      </tr>
      <tr
        className="ProductRow"
        onClick={[Function]}
      >
        <td
          className="Main"
        >
          Xiaomi Redmi Note 10S
        </td>
        <td
          className="Main"
        >
          1500
        </td>
        <td
          className="Main"
        >
          https://xistore.by/upload/resize/element/65048/aef/c525eee0d25db5d15c35bfadaabb8874_482_482_50@x2.webp
        </td>
        <td
          className="Main1"
        >
          10
        </td>
        <td
          className="Main"
        >
          <input
            className="EditButton"
            disabled={false}
            onClick={[Function]}
            type="button"
            value="Исправить"
          />
        </td>
        <td
          className="Main"
        >
          <input
            className="DelButton"
            disabled={false}
            onClick={[Function]}
            type="button"
            value="Удалить"
          />
        </td>
      </tr>
      <tr
        className="ProductRow"
        onClick={[Function]}
      >
        <td
          className="Main"
        >
          Xiaomi Redmi 9A
        </td>
        <td
          className="Main"
        >
          1550
        </td>
        <td
          className="Main"
        >
          https://xistore.by/upload/resize/element/25900/a59/1fa5c9ab7c694e4676d8fff64e7bcfc5_482_482_50@x2.webp
        </td>
        <td
          className="Main1"
        >
          10
        </td>
        <td
          className="Main"
        >
          <input
            className="EditButton"
            disabled={false}
            onClick={[Function]}
            type="button"
            value="Исправить"
          />
        </td>
        <td
          className="Main"
        >
          <input
            className="DelButton"
            disabled={false}
            onClick={[Function]}
            type="button"
            value="Удалить"
          />
        </td>
      </tr>
    </tbody>
  </table>
  <input
    disabled={false}
    onClick={[Function]}
    type="button"
    value="Новый товар"
  />
</div>
`;

exports[`работа кнопки Delete 1`] = `
<div>
  <table
    className="ProductsAll"
  >
    <tbody>
      <tr>
        <th
          className="Main"
        >
          Наименование
        </th>
        <th
          className="Main"
        >
          Цена
        </th>
        <th
          className="Main"
        >
          URL
        </th>
        <th
          className="Main"
        >
          Количество
        </th>
        <th
          className="Main"
        >
          Исправить
        </th>
        <th
          className="Main"
        >
          Удалить
        </th>
      </tr>
      <tr
        className="ProductRow"
        onClick={[Function]}
      >
        <td
          className="Main"
        >
          Xiaomi Redmi 9C
        </td>
        <td
          className="Main"
        >
          1450
        </td>
        <td
          className="Main"
        >
          https://xistore.by/upload/resize/element/40056/082/8c4bed7595c8d031c1fa3140f267e255_482_482_50@x2.webp
        </td>
        <td
          className="Main1"
        >
          25
        </td>
        <td
          className="Main"
        >
          <input
            className="EditButton"
            disabled={false}
            onClick={[Function]}
            type="button"
            value="Исправить"
          />
        </td>
        <td
          className="Main"
        >
          <input
            className="DelButton"
            disabled={false}
            onClick={[Function]}
            type="button"
            value="Удалить"
          />
        </td>
      </tr>
      <tr
        className="ProductRow"
        onClick={[Function]}
      >
        <td
          className="Main"
        >
          Xiaomi Redmi 9T
        </td>
        <td
          className="Main"
        >
          1300
        </td>
        <td
          className="Main"
        >
          https://xistore.by/upload/resize/element/54071/35d/233362a5bb439d7f0563d6cdf494eb2a_482_482_50@x2.webp
        </td>
        <td
          className="Main1"
        >
          44
        </td>
        <td
          className="Main"
        >
          <input
            className="EditButton"
            disabled={false}
            onClick={[Function]}
            type="button"
            value="Исправить"
          />
        </td>
        <td
          className="Main"
        >
          <input
            className="DelButton"
            disabled={false}
            onClick={[Function]}
            type="button"
            value="Удалить"
          />
        </td>
      </tr>
      <tr
        className="ProductRow"
        onClick={[Function]}
      >
        <td
          className="Main"
        >
          Xiaomi Redmi Note 10S
        </td>
        <td
          className="Main"
        >
          1500
        </td>
        <td
          className="Main"
        >
          https://xistore.by/upload/resize/element/65048/aef/c525eee0d25db5d15c35bfadaabb8874_482_482_50@x2.webp
        </td>
        <td
          className="Main1"
        >
          10
        </td>
        <td
          className="Main"
        >
          <input
            className="EditButton"
            disabled={false}
            onClick={[Function]}
            type="button"
            value="Исправить"
          />
        </td>
        <td
          className="Main"
        >
          <input
            className="DelButton"
            disabled={false}
            onClick={[Function]}
            type="button"
            value="Удалить"
          />
        </td>
      </tr>
      <tr
        className="ProductRow"
        onClick={[Function]}
      >
        <td
          className="Main"
        >
          Xiaomi Redmi 9A
        </td>
        <td
          className="Main"
        >
          1550
        </td>
        <td
          className="Main"
        >
          https://xistore.by/upload/resize/element/25900/a59/1fa5c9ab7c694e4676d8fff64e7bcfc5_482_482_50@x2.webp
        </td>
        <td
          className="Main1"
        >
          10
        </td>
        <td
          className="Main"
        >
          <input
            className="EditButton"
            disabled={false}
            onClick={[Function]}
            type="button"
            value="Исправить"
          />
        </td>
        <td
          className="Main"
        >
          <input
            className="DelButton"
            disabled={false}
            onClick={[Function]}
            type="button"
            value="Удалить"
          />
        </td>
      </tr>
    </tbody>
  </table>
  <input
    disabled={false}
    onClick={[Function]}
    type="button"
    value="Новый товар"
  />
</div>
`;

exports[`работа кнопки Delete 2`] = `
<div>
  <table
    className="ProductsAll"
  >
    <tbody>
      <tr>
        <th
          className="Main"
        >
          Наименование
        </th>
        <th
          className="Main"
        >
          Цена
        </th>
        <th
          className="Main"
        >
          URL
        </th>
        <th
          className="Main"
        >
          Количество
        </th>
        <th
          className="Main"
        >
          Исправить
        </th>
        <th
          className="Main"
        >
          Удалить
        </th>
      </tr>
      <tr
        className="ProductRow"
        onClick={[Function]}
      >
        <td
          className="Main"
        >
          Xiaomi Redmi 9C
        </td>
        <td
          className="Main"
        >
          1450
        </td>
        <td
          className="Main"
        >
          https://xistore.by/upload/resize/element/40056/082/8c4bed7595c8d031c1fa3140f267e255_482_482_50@x2.webp
        </td>
        <td
          className="Main1"
        >
          25
        </td>
        <td
          className="Main"
        >
          <input
            className="EditButton"
            disabled={false}
            onClick={[Function]}
            type="button"
            value="Исправить"
          />
        </td>
        <td
          className="Main"
        >
          <input
            className="DelButton"
            disabled={false}
            onClick={[Function]}
            type="button"
            value="Удалить"
          />
        </td>
      </tr>
      <tr
        className="ProductRow"
        onClick={[Function]}
      >
        <td
          className="Main"
        >
          Xiaomi Redmi 9T
        </td>
        <td
          className="Main"
        >
          1300
        </td>
        <td
          className="Main"
        >
          https://xistore.by/upload/resize/element/54071/35d/233362a5bb439d7f0563d6cdf494eb2a_482_482_50@x2.webp
        </td>
        <td
          className="Main1"
        >
          44
        </td>
        <td
          className="Main"
        >
          <input
            className="EditButton"
            disabled={false}
            onClick={[Function]}
            type="button"
            value="Исправить"
          />
        </td>
        <td
          className="Main"
        >
          <input
            className="DelButton"
            disabled={false}
            onClick={[Function]}
            type="button"
            value="Удалить"
          />
        </td>
      </tr>
      <tr
        className="ProductRow"
        onClick={[Function]}
      >
        <td
          className="Main"
        >
          Xiaomi Redmi Note 10S
        </td>
        <td
          className="Main"
        >
          1500
        </td>
        <td
          className="Main"
        >
          https://xistore.by/upload/resize/element/65048/aef/c525eee0d25db5d15c35bfadaabb8874_482_482_50@x2.webp
        </td>
        <td
          className="Main1"
        >
          10
        </td>
        <td
          className="Main"
        >
          <input
            className="EditButton"
            disabled={false}
            onClick={[Function]}
            type="button"
            value="Исправить"
          />
        </td>
        <td
          className="Main"
        >
          <input
            className="DelButton"
            disabled={false}
            onClick={[Function]}
            type="button"
            value="Удалить"
          />
        </td>
      </tr>
      <tr
        className="ProductRow"
        onClick={[Function]}
      >
        <td
          className="Main"
        >
          Xiaomi Redmi 9A
        </td>
        <td
          className="Main"
        >
          1550
        </td>
        <td
          className="Main"
        >
          https://xistore.by/upload/resize/element/25900/a59/1fa5c9ab7c694e4676d8fff64e7bcfc5_482_482_50@x2.webp
        </td>
        <td
          className="Main1"
        >
          10
        </td>
        <td
          className="Main"
        >
          <input
            className="EditButton"
            disabled={false}
            onClick={[Function]}
            type="button"
            value="Исправить"
          />
        </td>
        <td
          className="Main"
        >
          <input
            className="DelButton"
            disabled={false}
            onClick={[Function]}
            type="button"
            value="Удалить"
          />
        </td>
      </tr>
    </tbody>
  </table>
  <input
    disabled={false}
    onClick={[Function]}
    type="button"
    value="Новый товар"
  />
</div>
`;
